Checking if server is running...
✅ Server is running!

🚀 Starting comprehensive feature test...

1️⃣ Logging in as manager...
✅ Logged in successfully

2️⃣ Testing Accounting Features...
   → Testing Rent Ledger...
   ✅ Rent Ledger page loaded
   → Testing Late Fee Settings...
   ✅ Late Fee Settings functional
   → Testing Owner Statements...
   ✅ Owner Statements page loaded

3️⃣ Testing Template Library...
   ✅ Template Library functional

4️⃣ Testing Vendor Management...
   ✅ Vendor Management functional
   ✅ Vendor Assignments functional

5️⃣ Testing Messaging & Triggers...
   → Testing Notification Preferences...
❌ Test failed: TimeoutError: Navigation timeout of 30000 ms exceeded
    at new Deferred (/Users/ronellbradley/Desktop/RentFlow/node_modules/puppeteer-core/lib/cjs/puppeteer/util/Deferred.js:60:34)
    at Deferred.create (/Users/ronellbradley/Desktop/RentFlow/node_modules/puppeteer-core/lib/cjs/puppeteer/util/Deferred.js:21:16)
    at new LifecycleWatcher (/Users/ronellbradley/Desktop/RentFlow/node_modules/puppeteer-core/lib/cjs/puppeteer/cdp/LifecycleWatcher.js:69:60)
    at CdpFrame.goto (/Users/ronellbradley/Desktop/RentFlow/node_modules/puppeteer-core/lib/cjs/puppeteer/cdp/Frame.js:149:29)
    at CdpFrame.<anonymous> (/Users/ronellbradley/Desktop/RentFlow/node_modules/puppeteer-core/lib/cjs/puppeteer/util/decorators.js:109:27)
    at CdpPage.goto (/Users/ronellbradley/Desktop/RentFlow/node_modules/puppeteer-core/lib/cjs/puppeteer/api/Page.js:574:43)
    at testAllFeatures (/Users/ronellbradley/Desktop/RentFlow/test-all-features.js:213:16)
    at async /Users/ronellbradley/Desktop/RentFlow/test-all-features.js:469:3

Keeping browser open for debugging...
